#YOUTUBE
youtube.com
ytimg.com
ggpht.com
googlevideo.com
youtubekids.com
youtu.be
youtube-nocookie.com
wide-youtube.l.google.com
ytimg.l.google.com
youtubei.googleapis.com
youtubeembeddedplayer.googleapis.com
youtube-ui.l.google.com
yt-video-upload.l.google.com
jnn-pa.googleapis.com
#TWITTER
ads-twitter.com
cms-twdigitalassets.com
periscope.tv
pscp.tv
t.co
tellapart.com
tweetdeck.com
twimg.com
twitpic.com
twitter.biz
twitter.com
twitter.jp
twittercommunity.com
twitterflightschool.com
twitterinc.com
twitteroauth.com
twitterstat.us
twtrdns.net
twttr.com
twttr.net
twvid.com
vine.co
x.com
#META
instagram.com
ig.me
facebook.com
facebook.net
cdninstagram.com
fbcdn.net
fbsbx.com
internalfb.com
oculus.com
meta.com
threads.net
fb.com
#DISCROD
dis.gd 
discord.co 
discord.com 
discord.design 
discord.dev 
discord.gg 
discord.gift 
discord.gifts 
discord.media 
discord.new 
discord.store 
discord.tools 
discordapp.com 
discordapp.net 
discordmerch.com
discordpartygames.com 
discord-activities.com 
discordactivities.com 
discordsays.com
discord-attachments-uploads-prd.storage.googleapis.com
#DISCORD_IP
138.128.136.0/21
162.158.0.0/15
172.64.0.0/13
34.0.0.0/15
34.2.0.0/15
35.192.0.0/12
35.208.0.0/12
5.200.14.128/25
66.22.192.0/18
#TRACKER_FILE
nnmclub.to
nnmstatic.win
filmitorrent.net
fast-torrent.club
kinozal.guru
kinozal.tv
cnd2exp.online
torrentgalaxy.to
rutor.org
rutor.info
rutor.is
cdnbunny.org
rutracker.org
rutracker.net
rutracker.wiki
rutracker.cc
selezen.org
booktracker.org
riperam.org
megapeer.vip
piratbit.top
flibusta.is
flibusta.net
lostfilm.tv
bitru.org
sourceforge.net
#VPN
roskomsvoboda.org
vpnlove.me
redshieldvpn.com
psiphon.ca
vpngate.net
mullvad.net
censortracker.org
prostovpn.org
vpngen.org
amnezia.org
cyberghostvpn.com
getoutline.org
vpnpay.io
protonvpn.com
surfshark.com
plati.io
ntc.party
#HDREZKA
hdrezka.ag
hdrezka.ac
hdrezka.me
voidboost.cc
rezka.ag
rezka.my
rezkify.com
#GEOBLOCK
4pda.to
habr.com
openai.com
chatgpt.com
oaistatic.com
oaiusercontent.com
chat.com
ai.com
chat.openai.com.cdn.cloudflare.net
x.ai
grok.com
notion.so
notion.com
notion.new
notion.site
notion-static.com
gemini.google.com
news.google.com
suggestqueries.google.com
lookerstudio.google.com
proactivebackend-pa.googleapis.com
intel.com
intel.de
intel.nl
geolocation.onetrust.com
hashicorp.com
terraform.io
vagrantcloud.com
theaudiodb.com
themoviedb.org
tmdb.org
tmdb.com
image.tmdb.org
api.themoviedb.org
tmdb-image-prod.b-cdn.net
jetbrains.com
myjetbrains.com
jetbrains.space
supercell.com
clashofclans.com
brawlstarsgame.com
clashroyaleapp.com
squadbustersgame.com
copilot.microsoft.com
designer.microsoft.com
xsts.auth.xboxlive.com
salesforce.com
salesforceiq.com
force.com
force-user-content.com
salesforce.com
salesforceliveagent.com
salesforce-experience.com
salesforce-hub.com
salesforce-scrt.com
salesforce-setup.com
salesforce-sites.com
sfdcopens.com
site.com
trailblazer.me
trailhead.com
fast.com
netflix.ca
netflix.com
netflix.net
netflixinvestor.com
netflixtechblog.com
nflxext.com
nflximg.com
nflximg.net
nflxsearch.net
nflxso.net
nflxvideo.net
autodesk.com
cdn.web-platform.io
assets.heroku.com
herokucdn.com
gaming.amazon.com
primevideo.com
vmware.com
download3.omnissa.com
geforcenow.com
gfn.am
developer.nvidia.com
install.launcher.omniverse.nvidia.com
canva.dev
canva.com
adobe.com
servarr.com
nba.com
lambdalabs.com
grafana.com
xtracloud.net
glpals.com
gpsonextra.net
reactflow.dev
netlify.com
bell-sw.com
graylog.org
spacelift.io
ibm.com
swagger.io
smartbear.co
snort.org
redis.io
snyk.io
pingdom.com
intuitibits.com
cpu-monkey.com
ocstore.com
itninja.com
smartdeploy.com
docs.liquibase.com
mongodb.com
ai-chat.bsg.brave.com
tsmc.com
ti.com
mouser.fi
analog.com
bestbuy.com
alza.hu
kinogo.la
flir.com
flir.eu
claude.ai
anthropic.com
newsroom.porsche.com
att.com
middlewareinventory.com
telemetr.io
amazfitwatchfaces.com
nitropdf.com
solarwinds.com
monoprice.com
smartbear.com
disctech.com
cdw.com
lidarr.audio
medicalnewstoday.com
healthline.com
shinyhardware.co.uk
daemon-tools.cc
buf.build
jamf.com
tableau.com
alphacoders.com
zedge.net
cats.com
ldoceonline.com
pcgamesn.com
wikidot.com
freeimages.com
pexels.com
flukenetworks.com
surveymonkey.com
f1.com
formula1.com
sdxcentral.com
premierleague.com
footballapi.pulselive.com
hotels.com
plugshare.com
volkswagen-classic-parts.com
bitdefender.com
buymeacoffee.com
prowlarr.com
gofundme.com
buanzo.org
keysight.com
nxp.com
upwork.com
nike.com
adidas.com
abercrombie.com
hollisterco.com
onshape.com
newark.com
elevenlabs.io
lifehacker.com
blinkshot.io
weebly.com
credly.com
hostinger.com
ngrok.com
getoutline.com
sephora.com
guilded.gg
shop.gameloft.com
extremetech.com
nfl.com
mixcloud.com
kmail-lists.com
neo4j.com
sora.com
coingate.com
global.fncstatic.com
cvedetails.com
ldoceonline.com
broncosportforum.com
lightning.ai
timberland.de
framer.com
squareup.com
research.net
htmhell.dev
carrefouruae.com
synoforum.com
wpengine.com
webnames.ca
veeam.com
teamviewer.com
flourish.studio
groq.com
walmart.com
codeium.com
digitalcontent.sky
sky.com
skycdp.com
broadcom.com
recraft.ai
pkgs.tailscale.com
builds.parsec.app
public.parsec.app
pcmag.com
zapier.com
ducati.com
btod.com
onfastspring.com
chaos.com
sketchup.com
data-cdn.mbamupdates.com
community.sophos.com
intelix.sophos.com
platform.activestate.com
w.atwiki.jp
www3.corsair.com
groupon.com
qt.io
strava.com
watermarkremover.io
cdromance.org
crunchyroll.com
singlekey-id.com
home-connect.com
omnissa.com
dell.com
dellcdn.com
cisco.com
fluke.com
iherb.com
spotify.com
widgetapp.stream
weather.com
typing.com
remove.bg
unscreen.com
remna.st
nordvpn.com
ghostrc.game.idtech.services
spitfireaudio.com
uaudio.com
support.xerox.com
tutanota.com
contabo.com
forum.netgate.com
talosintelligence.com
tempmail.plus
bitdefender.com
corsair.com
mattermost.com
sentry.io
torrenteditor.com
ntp.msn.com
oracle.com
#XXX
brazzers.com
evilangel.com
kink.com
realitykings.com
bangbros.com
pornbox.com
analvids.com
assylum.com
manyvids.com
onlyfans.com
czechcasting.com
czechvr.com
czechvrfetish.com
pornpics.com
pornbb.org
fetishbb.org
facialabuse.com
xvideos.com
hqporner.com
attachments.f95zone.to
reddxxx.com
redgifs.com
xv-ru.com
pornhub.com
pornhub.org
phncdn.com
phncdn.com.sds.rncdn7.com
playboy.com
multporn.net
rule34.art
hentai-foundry.com
nhentai.com
chaturbate.com
pornolab.net
xhamster.com
xhamsterlive.com
femdomempire.com
clubdom.com
coomer.su
vipergirls.to
rentry.org
