#YOUTUBE
youtube.com
ytimg.com
ggpht.com
googlevideo.com
youtubekids.com
youtu.be
youtube-nocookie.com
wide-youtube.l.google.com
ytimg.l.google.com
youtubei.googleapis.com
youtubeembeddedplayer.googleapis.com
youtube-ui.l.google.com
yt-video-upload.l.google.com
jnn-pa.googleapis.com
#TWITTER
ads-twitter.com
cms-twdigitalassets.com
periscope.tv
pscp.tv
t.co
tellapart.com
tweetdeck.com
twimg.com
twitpic.com
twitter.biz
twitter.com
twitter.jp
twittercommunity.com
twitterflightschool.com
twitterinc.com
twitteroauth.com
twitterstat.us
twtrdns.net
twttr.com
twttr.net
twvid.com
vine.co
x.com
#META
instagram.com
ig.me
facebook.com
facebook.net
cdninstagram.com
fbcdn.net
fbsbx.com
internalfb.com
oculus.com
meta.com
threads.net
fb.com
#DISCROD
dis.gd 
discord.co 
discord.com 
discord.design 
discord.dev 
discord.gg 
discord.gift 
discord.gifts 
discord.media 
discord.new 
discord.store 
discord.tools 
discordapp.com 
discordapp.net 
discordmerch.com
discordpartygames.com 
discord-activities.com 
discordactivities.com 
discordsays.com
discord-attachments-uploads-prd.storage.googleapis.com
#DISCORD_IP
138.128.136.0/21
162.158.0.0/15
172.64.0.0/13
34.0.0.0/15
34.2.0.0/15
35.192.0.0/12
35.208.0.0/12
5.200.14.128/25
66.22.192.0/18
#TRACKER_FILE
nnmclub.to
nnmstatic.win
filmitorrent.net
fast-torrent.club
kinozal.guru
cnd2exp.online
torrentgalaxy.to
rutor.org
rutor.info
rutor.is
cdnbunny.org
rutracker.org
rutracker.net
rutracker.wiki
rutracker.cc
selezen.org
booktracker.org
riperam.org
megapeer.vip
piratbit.top
flibusta.is
flibusta.net
#VPN_SERVICE
vpnlove.me
redshieldvpn.com
psiphon.ca
vpngate.net
mullvad.net
censortracker.org
prostovpn.org
vpngen.org
amnezia.org
cyberghostvpn.com
getoutline.org
vpnpay.io
protonvpn.com
surfshark.com
plati.io
ntc.party
